// Jest Snapshot v1, https://goo.gl/fbAQLP

exports[`ja 1`] = `"\\\\u5b9f\\\\u306f\\\\u4ffa\\\\u3001\\\\u6700\\\\u5f37\\\\u3067\\\\u3057\\\\u305f\\\\uff1f \\\\uff5e\\\\u8ee2\\\\u751f\\\\u76f4\\\\u5f8c\\\\u306f\\\\u3069\\\\u3093\\\\u5e95\\\\u30b9\\\\u30bf\\\\u30fc\\\\u30c8\\\\u3001\\\\u3067\\\\u3082\\\\u4e07\\\\u80fd\\\\u9b54\\\\u6cd5\\\\u3067\\\\u9006\\\\u8ee2\\\\u4eba\\\\u751f\\\\u3092\\\\u4e0a\\\\u6607\\\\u4e2d\\\\uff01\\\\uff5e"`;

exports[`ja 2`] = `"実は俺、最強でした？ ～転生直後はどん底スタート、でも万能魔法で逆転人生を上昇中！～"`;

exports[`zh 1`] = `"\\\\u9009\\\\u62e9\\\\u8fd0\\\\u884c/\\\\u8c03\\\\u8bd5\\\\u914d\\\\u7f6e"`;

exports[`zh 2`] = `"选择运行/调试配置"`;
